../Core/Src/main.c:67:6:motor1_on	16	static
../Core/Src/main.c:70:6:motor2_on	16	static
../Core/Src/main.c:73:6:motor3_on	16	static
../Core/Src/main.c:76:6:motor4_on	16	static
../Core/Src/main.c:79:6:motor5_on	16	static
../Core/Src/main.c:82:6:motor6_on	16	static
../Core/Src/main.c:85:6:motor1_off	16	static
../Core/Src/main.c:88:6:motor2_off	16	static
../Core/Src/main.c:91:6:motor3_off	16	static
../Core/Src/main.c:94:6:motor4_off	16	static
../Core/Src/main.c:97:6:motor5_off	16	static
../Core/Src/main.c:100:6:motor6_off	16	static
../Core/Src/main.c:103:6:display	16	static
../Core/Src/main.c:289:6:read	8	static
../Core/Src/main.c:341:5:main	152	static
../Core/Src/main.c:448:6:SystemClock_Config	88	static
../Core/Src/main.c:495:13:MX_ADC1_Init	24	static
../Core/Src/main.c:547:13:MX_TIM2_Init	64	static
../Core/Src/main.c:614:13:MX_TIM3_Init	64	static
../Core/Src/main.c:681:13:MX_USART2_UART_Init	8	static
../Core/Src/main.c:714:13:MX_GPIO_Init	48	static
../Core/Src/main.c:770:6:Error_Handler	4	static,ignoring_inline_asm
